2020-07-27 16:23:39,758 INFO     WARNING: rollout reached move limit
2020-07-27 16:23:40,247 INFO     WARNING: rollout reached move limit
2020-07-27 16:23:40,747 INFO     WARNING: rollout reached move limit
2020-07-27 16:23:41,719 INFO     WARNING: rollout reached move limit
2020-07-27 16:23:42,197 INFO     WARNING: rollout reached move limit
2020-07-27 16:23:42,711 INFO     WARNING: rollout reached move limit
2020-07-27 16:23:43,214 INFO     WARNING: rollout reached move limit
2020-07-27 16:23:44,143 INFO     WARNING: rollout reached move limit
2020-07-27 16:23:44,655 INFO     WARNING: rollout reached move limit
2020-07-27 16:23:45,608 INFO     WARNING: rollout reached move limit
2020-07-27 16:23:47,567 INFO     WARNING: rollout reached move limit
2020-07-27 16:23:48,100 INFO     WARNING: rollout reached move limit
2020-07-27 16:23:48,635 INFO     WARNING: rollout reached move limit
2020-07-27 16:23:49,177 INFO     WARNING: rollout reached move limit
2020-07-27 16:23:49,712 INFO     WARNING: rollout reached move limit
2020-07-27 16:23:50,255 INFO     WARNING: rollout reached move limit
2020-07-27 16:23:50,776 INFO     WARNING: rollout reached move limit
2020-07-27 16:23:51,583 INFO     WARNING: rollout reached move limit
2020-07-27 16:23:52,149 INFO     WARNING: rollout reached move limit
2020-07-27 16:23:52,713 INFO     WARNING: rollout reached move limit
2020-07-27 16:23:53,276 INFO     WARNING: rollout reached move limit
2020-07-27 16:23:54,980 INFO     WARNING: rollout reached move limit
2020-07-27 16:23:56,059 INFO     WARNING: rollout reached move limit
2020-07-27 16:23:57,065 INFO     WARNING: rollout reached move limit
2020-07-27 16:23:57,635 INFO     WARNING: rollout reached move limit
2020-07-27 16:23:58,785 INFO     WARNING: rollout reached move limit
2020-07-27 16:23:59,945 INFO     WARNING: rollout reached move limit
2020-07-27 16:24:00,869 INFO     WARNING: rollout reached move limit
2020-07-27 16:24:01,614 INFO     WARNING: rollout reached move limit
2020-07-27 16:24:03,070 INFO     WARNING: rollout reached move limit
2020-07-27 16:24:04,536 INFO     WARNING: rollout reached move limit
2020-07-27 16:24:05,215 INFO     WARNING: rollout reached move limit
2020-07-27 16:24:07,012 INFO     WARNING: rollout reached move limit
2020-07-27 16:24:08,383 INFO     WARNING: rollout reached move limit
2020-07-27 16:24:09,073 INFO     WARNING: rollout reached move limit
2020-07-27 16:24:09,811 INFO     WARNING: rollout reached move limit
2020-07-27 16:24:10,536 INFO     WARNING: rollout reached move limit
2020-07-27 16:24:11,224 INFO     WARNING: rollout reached move limit
2020-07-27 16:24:11,983 INFO     WARNING: rollout reached move limit
2020-07-27 16:24:12,694 INFO     WARNING: rollout reached move limit
2020-07-27 16:24:14,147 INFO     WARNING: rollout reached move limit
2020-07-27 16:24:16,159 INFO     WARNING: rollout reached move limit
2020-07-27 16:24:16,890 INFO     WARNING: rollout reached move limit
2020-07-27 16:24:19,046 INFO     WARNING: rollout reached move limit
2020-07-27 16:24:21,194 INFO     WARNING: rollout reached move limit
2020-07-27 16:24:21,981 INFO     WARNING: rollout reached move limit
2020-07-27 16:24:22,781 INFO     WARNING: rollout reached move limit
2020-07-27 16:24:27,194 INFO     WARNING: rollout reached move limit
2020-07-27 16:24:28,028 INFO     WARNING: rollout reached move limit
2020-07-27 16:24:28,846 INFO     WARNING: rollout reached move limit
2020-07-27 16:24:30,414 INFO     WARNING: rollout reached move limit
2020-07-27 16:24:31,160 INFO     WARNING: rollout reached move limit
2020-07-27 16:24:32,776 INFO     WARNING: rollout reached move limit
2020-07-27 16:24:35,090 INFO     WARNING: rollout reached move limit
2020-07-27 16:24:35,913 INFO     WARNING: rollout reached move limit
2020-07-27 16:24:37,461 INFO     WARNING: rollout reached move limit
2020-07-27 16:24:39,079 INFO     WARNING: rollout reached move limit
2020-07-27 16:24:39,941 INFO     WARNING: rollout reached move limit
2020-07-27 16:24:40,831 INFO     WARNING: rollout reached move limit
2020-07-27 16:24:42,277 INFO     WARNING: rollout reached move limit
